# 2025-12-28T21:24:38+08:00
# Input: /mnt/d/proj/spice_netlist_parser/examples/logic/DFFX1.cdl
# JSON output: /mnt/d/proj/spice_netlist_parser/examples/logic//DFFX1.json
# Compare output: /mnt/d/proj/spice_netlist_parser/examples/logic//DFFX1.json
# Command (parse): /mnt/d/proj/spice_netlist_parser/netlist_parser.sh "/mnt/d/proj/spice_netlist_parser/examples/logic/DFFX1.cdl" --format json --output "/mnt/d/proj/spice_netlist_parser/examples/logic//DFFX1.json" 
------------------------------------------------------------
[0;34mSPICE Netlist Parser[0m
====================

Note: Not in a virtual environment. Consider using one.

[0;32mRunning parser...[0m

2025-12-28 21:24:40,299 - spice_netlist_parser.parser - INFO - Parsing file: /mnt/d/proj/spice_netlist_parser/examples/logic/DFFX1.cdl
2025-12-28 21:24:40,311 - spice_netlist_parser.parser - INFO - Successfully parsed 16 components, 0 models
Successfully parsed: /mnt/d/proj/spice_netlist_parser/examples/logic/DFFX1.cdl
Title: Untitled
Components: 16
Models: 0
Nodes: 16

Output written to /mnt/d/proj/spice_netlist_parser/examples/logic/DFFX1.json

# Command (compare): /mnt/d/proj/spice_netlist_parser/netlist_parser.sh "/mnt/d/proj/spice_netlist_parser/examples/logic/DFFX1.cdl" --compare "/mnt/d/proj/spice_netlist_parser/examples/logic/DFFX1.cdl" --compare-format json --compare-output "/mnt/d/proj/spice_netlist_parser/examples/logic//DFFX1.json" 
------------------------------------------------------------
[0;34mSPICE Netlist Parser[0m
====================

Note: Not in a virtual environment. Consider using one.

[0;34mNetlist comparison[0m
-------------------
[0;32mComparing:[0m /mnt/d/proj/spice_netlist_parser/examples/logic/DFFX1.cdl  <->  /mnt/d/proj/spice_netlist_parser/examples/logic/DFFX1.cdl

2025-12-28 21:24:41,298 - spice_netlist_parser.parser - INFO - Parsing file: /mnt/d/proj/spice_netlist_parser/examples/logic/DFFX1.cdl
2025-12-28 21:24:41,324 - spice_netlist_parser.parser - INFO - Successfully parsed 16 components, 0 models
2025-12-28 21:24:41,324 - spice_netlist_parser.parser - INFO - Parsing file: /mnt/d/proj/spice_netlist_parser/examples/logic/DFFX1.cdl
2025-12-28 21:24:41,333 - spice_netlist_parser.parser - INFO - Successfully parsed 16 components, 0 models
Report written to /mnt/d/proj/spice_netlist_parser/examples/logic/DFFX1.json

[0;32mRunning parser...[0m

2025-12-28 21:24:42,853 - spice_netlist_parser.parser - INFO - Parsing file: /mnt/d/proj/spice_netlist_parser/examples/logic/DFFX1.cdl
2025-12-28 21:24:42,865 - spice_netlist_parser.parser - INFO - Successfully parsed 16 components, 0 models
2025-12-28 21:24:42,866 - spice_netlist_parser.parser - INFO - Parsing file: /mnt/d/proj/spice_netlist_parser/examples/logic/DFFX1.cdl
2025-12-28 21:24:42,876 - spice_netlist_parser.parser - INFO - Successfully parsed 16 components, 0 models
Comparison report written to /mnt/d/proj/spice_netlist_parser/examples/logic/DFFX1.json
