# 2025-12-28T21:24:43+08:00
# Input: /mnt/d/proj/spice_netlist_parser/examples/logic/INV.cdl
# JSON output: /mnt/d/proj/spice_netlist_parser/examples/logic//INV.json
# Compare output: /mnt/d/proj/spice_netlist_parser/examples/logic//INV.json
# Command (parse): /mnt/d/proj/spice_netlist_parser/netlist_parser.sh "/mnt/d/proj/spice_netlist_parser/examples/logic/INV.cdl" --format json --output "/mnt/d/proj/spice_netlist_parser/examples/logic//INV.json" 
------------------------------------------------------------
[0;34mSPICE Netlist Parser[0m
====================

Note: Not in a virtual environment. Consider using one.

[0;32mRunning parser...[0m

2025-12-28 21:24:44,425 - spice_netlist_parser.parser - INFO - Parsing file: /mnt/d/proj/spice_netlist_parser/examples/logic/INV.cdl
2025-12-28 21:24:44,435 - spice_netlist_parser.parser - INFO - Successfully parsed 2 components, 0 models
Successfully parsed: /mnt/d/proj/spice_netlist_parser/examples/logic/INV.cdl
Title: Untitled
Components: 2
Models: 0
Nodes: 4

Output written to /mnt/d/proj/spice_netlist_parser/examples/logic/INV.json

# Command (compare): /mnt/d/proj/spice_netlist_parser/netlist_parser.sh "/mnt/d/proj/spice_netlist_parser/examples/logic/INV.cdl" --compare "/mnt/d/proj/spice_netlist_parser/examples/logic/INV.cdl" --compare-format json --compare-output "/mnt/d/proj/spice_netlist_parser/examples/logic//INV.json" 
------------------------------------------------------------
[0;34mSPICE Netlist Parser[0m
====================

Note: Not in a virtual environment. Consider using one.

[0;34mNetlist comparison[0m
-------------------
[0;32mComparing:[0m /mnt/d/proj/spice_netlist_parser/examples/logic/INV.cdl  <->  /mnt/d/proj/spice_netlist_parser/examples/logic/INV.cdl

2025-12-28 21:24:45,421 - spice_netlist_parser.parser - INFO - Parsing file: /mnt/d/proj/spice_netlist_parser/examples/logic/INV.cdl
2025-12-28 21:24:45,431 - spice_netlist_parser.parser - INFO - Successfully parsed 2 components, 0 models
2025-12-28 21:24:45,432 - spice_netlist_parser.parser - INFO - Parsing file: /mnt/d/proj/spice_netlist_parser/examples/logic/INV.cdl
2025-12-28 21:24:45,439 - spice_netlist_parser.parser - INFO - Successfully parsed 2 components, 0 models
Report written to /mnt/d/proj/spice_netlist_parser/examples/logic/INV.json

[0;32mRunning parser...[0m

2025-12-28 21:24:46,803 - spice_netlist_parser.parser - INFO - Parsing file: /mnt/d/proj/spice_netlist_parser/examples/logic/INV.cdl
2025-12-28 21:24:46,812 - spice_netlist_parser.parser - INFO - Successfully parsed 2 components, 0 models
2025-12-28 21:24:46,813 - spice_netlist_parser.parser - INFO - Parsing file: /mnt/d/proj/spice_netlist_parser/examples/logic/INV.cdl
2025-12-28 21:24:46,820 - spice_netlist_parser.parser - INFO - Successfully parsed 2 components, 0 models
Comparison report written to /mnt/d/proj/spice_netlist_parser/examples/logic/INV.json
