# 2025-12-28T21:24:26+08:00
# Input: /mnt/d/proj/spice_netlist_parser/examples/logic/OR2.sp
# JSON output: /mnt/d/proj/spice_netlist_parser/examples/logic//OR2.json
# Compare output: /mnt/d/proj/spice_netlist_parser/examples/logic//OR2.json
# Command (parse): /mnt/d/proj/spice_netlist_parser/netlist_parser.sh "/mnt/d/proj/spice_netlist_parser/examples/logic/OR2.sp" --format json --output "/mnt/d/proj/spice_netlist_parser/examples/logic//OR2.json" 
------------------------------------------------------------
[0;34mSPICE Netlist Parser[0m
====================

Note: Not in a virtual environment. Consider using one.

[0;32mRunning parser...[0m

2025-12-28 21:24:28,023 - spice_netlist_parser.parser - INFO - Parsing file: /mnt/d/proj/spice_netlist_parser/examples/logic/OR2.sp
2025-12-28 21:24:28,037 - spice_netlist_parser.parser - INFO - Successfully parsed 11 components, 0 models
Successfully parsed: /mnt/d/proj/spice_netlist_parser/examples/logic/OR2.sp
Title: Untitled
Components: 11
Models: 0
Nodes: 8

Output written to /mnt/d/proj/spice_netlist_parser/examples/logic/OR2.json

# Command (compare): /mnt/d/proj/spice_netlist_parser/netlist_parser.sh "/mnt/d/proj/spice_netlist_parser/examples/logic/OR2.sp" --compare "/mnt/d/proj/spice_netlist_parser/examples/logic/OR2.sp" --compare-format json --compare-output "/mnt/d/proj/spice_netlist_parser/examples/logic//OR2.json" 
------------------------------------------------------------
[0;34mSPICE Netlist Parser[0m
====================

Note: Not in a virtual environment. Consider using one.

[0;34mNetlist comparison[0m
-------------------
[0;32mComparing:[0m /mnt/d/proj/spice_netlist_parser/examples/logic/OR2.sp  <->  /mnt/d/proj/spice_netlist_parser/examples/logic/OR2.sp

2025-12-28 21:24:28,890 - spice_netlist_parser.parser - INFO - Parsing file: /mnt/d/proj/spice_netlist_parser/examples/logic/OR2.sp
2025-12-28 21:24:28,900 - spice_netlist_parser.parser - INFO - Successfully parsed 11 components, 0 models
2025-12-28 21:24:28,901 - spice_netlist_parser.parser - INFO - Parsing file: /mnt/d/proj/spice_netlist_parser/examples/logic/OR2.sp
2025-12-28 21:24:28,911 - spice_netlist_parser.parser - INFO - Successfully parsed 11 components, 0 models
Report written to /mnt/d/proj/spice_netlist_parser/examples/logic/OR2.json

[0;32mRunning parser...[0m

2025-12-28 21:24:30,285 - spice_netlist_parser.parser - INFO - Parsing file: /mnt/d/proj/spice_netlist_parser/examples/logic/OR2.sp
2025-12-28 21:24:30,294 - spice_netlist_parser.parser - INFO - Successfully parsed 11 components, 0 models
2025-12-28 21:24:30,295 - spice_netlist_parser.parser - INFO - Parsing file: /mnt/d/proj/spice_netlist_parser/examples/logic/OR2.sp
2025-12-28 21:24:30,303 - spice_netlist_parser.parser - INFO - Successfully parsed 11 components, 0 models
Comparison report written to /mnt/d/proj/spice_netlist_parser/examples/logic/OR2.json
