# 2025-12-28T21:24:58+08:00
# Input: /mnt/d/proj/spice_netlist_parser/examples/logic/XOR2.cdl
# JSON output: /mnt/d/proj/spice_netlist_parser/examples/logic//XOR2.json
# Compare output: /mnt/d/proj/spice_netlist_parser/examples/logic//XOR2.json
# Command (parse): /mnt/d/proj/spice_netlist_parser/netlist_parser.sh "/mnt/d/proj/spice_netlist_parser/examples/logic/XOR2.cdl" --format json --output "/mnt/d/proj/spice_netlist_parser/examples/logic//XOR2.json" 
------------------------------------------------------------
[0;34mSPICE Netlist Parser[0m
====================

Note: Not in a virtual environment. Consider using one.

[0;32mRunning parser...[0m

2025-12-28 21:25:00,009 - spice_netlist_parser.parser - INFO - Parsing file: /mnt/d/proj/spice_netlist_parser/examples/logic/XOR2.cdl
2025-12-28 21:25:00,019 - spice_netlist_parser.parser - INFO - Successfully parsed 5 components, 0 models
Successfully parsed: /mnt/d/proj/spice_netlist_parser/examples/logic/XOR2.cdl
Title: Untitled
Components: 5
Models: 0
Nodes: 8

Output written to /mnt/d/proj/spice_netlist_parser/examples/logic/XOR2.json

# Command (compare): /mnt/d/proj/spice_netlist_parser/netlist_parser.sh "/mnt/d/proj/spice_netlist_parser/examples/logic/XOR2.cdl" --compare "/mnt/d/proj/spice_netlist_parser/examples/logic/XOR2.cdl" --compare-format json --compare-output "/mnt/d/proj/spice_netlist_parser/examples/logic//XOR2.json" 
------------------------------------------------------------
[0;34mSPICE Netlist Parser[0m
====================

Note: Not in a virtual environment. Consider using one.

[0;34mNetlist comparison[0m
-------------------
[0;32mComparing:[0m /mnt/d/proj/spice_netlist_parser/examples/logic/XOR2.cdl  <->  /mnt/d/proj/spice_netlist_parser/examples/logic/XOR2.cdl

2025-12-28 21:25:00,854 - spice_netlist_parser.parser - INFO - Parsing file: /mnt/d/proj/spice_netlist_parser/examples/logic/XOR2.cdl
2025-12-28 21:25:00,863 - spice_netlist_parser.parser - INFO - Successfully parsed 5 components, 0 models
2025-12-28 21:25:00,863 - spice_netlist_parser.parser - INFO - Parsing file: /mnt/d/proj/spice_netlist_parser/examples/logic/XOR2.cdl
2025-12-28 21:25:00,872 - spice_netlist_parser.parser - INFO - Successfully parsed 5 components, 0 models
Report written to /mnt/d/proj/spice_netlist_parser/examples/logic/XOR2.json

[0;32mRunning parser...[0m

2025-12-28 21:25:02,384 - spice_netlist_parser.parser - INFO - Parsing file: /mnt/d/proj/spice_netlist_parser/examples/logic/XOR2.cdl
2025-12-28 21:25:02,394 - spice_netlist_parser.parser - INFO - Successfully parsed 5 components, 0 models
2025-12-28 21:25:02,395 - spice_netlist_parser.parser - INFO - Parsing file: /mnt/d/proj/spice_netlist_parser/examples/logic/XOR2.cdl
2025-12-28 21:25:02,406 - spice_netlist_parser.parser - INFO - Successfully parsed 5 components, 0 models
Comparison report written to /mnt/d/proj/spice_netlist_parser/examples/logic/XOR2.json
