# 2025-12-28T21:24:30+08:00
# Input: /mnt/d/proj/spice_netlist_parser/examples/logic/XOR2.sp
# JSON output: /mnt/d/proj/spice_netlist_parser/examples/logic//XOR2.json
# Compare output: /mnt/d/proj/spice_netlist_parser/examples/logic//XOR2.json
# Command (parse): /mnt/d/proj/spice_netlist_parser/netlist_parser.sh "/mnt/d/proj/spice_netlist_parser/examples/logic/XOR2.sp" --format json --output "/mnt/d/proj/spice_netlist_parser/examples/logic//XOR2.json" 
------------------------------------------------------------
[0;34mSPICE Netlist Parser[0m
====================

Note: Not in a virtual environment. Consider using one.

[0;32mRunning parser...[0m

2025-12-28 21:24:31,797 - spice_netlist_parser.parser - INFO - Parsing file: /mnt/d/proj/spice_netlist_parser/examples/logic/XOR2.sp
2025-12-28 21:24:31,809 - spice_netlist_parser.parser - INFO - Successfully parsed 18 components, 0 models
Successfully parsed: /mnt/d/proj/spice_netlist_parser/examples/logic/XOR2.sp
Title: Untitled
Components: 18
Models: 0
Nodes: 15

Output written to /mnt/d/proj/spice_netlist_parser/examples/logic/XOR2.json

# Command (compare): /mnt/d/proj/spice_netlist_parser/netlist_parser.sh "/mnt/d/proj/spice_netlist_parser/examples/logic/XOR2.sp" --compare "/mnt/d/proj/spice_netlist_parser/examples/logic/XOR2.sp" --compare-format json --compare-output "/mnt/d/proj/spice_netlist_parser/examples/logic//XOR2.json" 
------------------------------------------------------------
[0;34mSPICE Netlist Parser[0m
====================

Note: Not in a virtual environment. Consider using one.

[0;34mNetlist comparison[0m
-------------------
[0;32mComparing:[0m /mnt/d/proj/spice_netlist_parser/examples/logic/XOR2.sp  <->  /mnt/d/proj/spice_netlist_parser/examples/logic/XOR2.sp

2025-12-28 21:24:32,813 - spice_netlist_parser.parser - INFO - Parsing file: /mnt/d/proj/spice_netlist_parser/examples/logic/XOR2.sp
2025-12-28 21:24:32,824 - spice_netlist_parser.parser - INFO - Successfully parsed 18 components, 0 models
2025-12-28 21:24:32,825 - spice_netlist_parser.parser - INFO - Parsing file: /mnt/d/proj/spice_netlist_parser/examples/logic/XOR2.sp
2025-12-28 21:24:32,836 - spice_netlist_parser.parser - INFO - Successfully parsed 18 components, 0 models
Report written to /mnt/d/proj/spice_netlist_parser/examples/logic/XOR2.json

[0;32mRunning parser...[0m

2025-12-28 21:24:34,372 - spice_netlist_parser.parser - INFO - Parsing file: /mnt/d/proj/spice_netlist_parser/examples/logic/XOR2.sp
2025-12-28 21:24:34,384 - spice_netlist_parser.parser - INFO - Successfully parsed 18 components, 0 models
2025-12-28 21:24:34,385 - spice_netlist_parser.parser - INFO - Parsing file: /mnt/d/proj/spice_netlist_parser/examples/logic/XOR2.sp
2025-12-28 21:24:34,394 - spice_netlist_parser.parser - INFO - Successfully parsed 18 components, 0 models
Comparison report written to /mnt/d/proj/spice_netlist_parser/examples/logic/XOR2.json
