# 2025-12-28T20:22:19+08:00
# Input: /mnt/d/proj/spice_netlist_parser/examples/100.sp
# JSON output: /mnt/d/proj/spice_netlist_parser/examples//100.json
# Compare output: /mnt/d/proj/spice_netlist_parser/examples//100.json
# Command (parse): /mnt/d/proj/spice_netlist_parser/netlist_parser.sh "/mnt/d/proj/spice_netlist_parser/examples/100.sp" --format json --output "/mnt/d/proj/spice_netlist_parser/examples//100.json" 
------------------------------------------------------------
[0;34mSPICE Netlist Parser[0m
====================

Note: Not in a virtual environment. Consider using one.

[0;32mRunning parser...[0m

2025-12-28 20:22:20,578 - spice_netlist_parser.parser - INFO - Parsing file: /mnt/d/proj/spice_netlist_parser/examples/100.sp
2025-12-28 20:22:20,599 - spice_netlist_parser.parser - INFO - Successfully parsed 100 components, 0 models
Successfully parsed: /mnt/d/proj/spice_netlist_parser/examples/100.sp
Title: Untitled
Components: 100
Models: 0
Nodes: 4

Output written to /mnt/d/proj/spice_netlist_parser/examples/100.json

# Command (compare): /mnt/d/proj/spice_netlist_parser/netlist_parser.sh "/mnt/d/proj/spice_netlist_parser/examples/100.sp" --compare "/mnt/d/proj/spice_netlist_parser/examples/100.sp" --compare-format json --compare-output "/mnt/d/proj/spice_netlist_parser/examples//100.json" 
------------------------------------------------------------
[0;34mSPICE Netlist Parser[0m
====================

Note: Not in a virtual environment. Consider using one.

[0;34mNetlist comparison[0m
-------------------
[0;32mComparing:[0m /mnt/d/proj/spice_netlist_parser/examples/100.sp  <->  /mnt/d/proj/spice_netlist_parser/examples/100.sp

2025-12-28 20:22:21,576 - spice_netlist_parser.parser - INFO - Parsing file: /mnt/d/proj/spice_netlist_parser/examples/100.sp
2025-12-28 20:22:21,597 - spice_netlist_parser.parser - INFO - Successfully parsed 100 components, 0 models
2025-12-28 20:22:21,598 - spice_netlist_parser.parser - INFO - Parsing file: /mnt/d/proj/spice_netlist_parser/examples/100.sp
2025-12-28 20:22:21,617 - spice_netlist_parser.parser - INFO - Successfully parsed 100 components, 0 models
Report written to /mnt/d/proj/spice_netlist_parser/examples/100.json

[0;32mRunning parser...[0m

Traceback (most recent call last):
  File "<frozen importlib._bootstrap_external>", line 153, in _path_is_mode_type
  File "<frozen importlib._bootstrap_external>", line 147, in _path_stat
FileNotFoundError: [Errno 2] No such file or directory: '/mnt/d/proj/spice_netlist_parser/src/spice_netlist_parser/__init__.abi3.so'

During handling of the above exception, another exception occurred:

Traceback (most recent call last):
  File "/usr/lib/python3.10/runpy.py", line 187, in _run_module_as_main
    mod_name, mod_spec, code = _get_module_details(mod_name, _Error)
  File "/usr/lib/python3.10/runpy.py", line 110, in _get_module_details
    __import__(pkg_name)
  File "<frozen importlib._bootstrap>", line 1027, in _find_and_load
  File "<frozen importlib._bootstrap>", line 1002, in _find_and_load_unlocked
  File "<frozen importlib._bootstrap>", line 945, in _find_spec
  File "<frozen importlib._bootstrap_external>", line 1439, in find_spec
  File "<frozen importlib._bootstrap_external>", line 1411, in _get_spec
  File "<frozen importlib._bootstrap_external>", line 1563, in find_spec
  File "<frozen importlib._bootstrap_external>", line 161, in _path_isfile
  File "<frozen importlib._bootstrap_external>", line 153, in _path_is_mode_type
KeyboardInterrupt
